Added Component: Designator=A1(Arduino Mega)
Added Component: Designator=j1(CONECTOR JST M1)
Added Component: Designator=j2(CONECTOR JST M2)
Added Component: Designator=j3(CONECTOR JST M3)
Added Component: Designator=j4(CONECTOR JST M4)
Added Component: Designator=PJ1(DC Power Jack5V)
Added Component: Designator=PJ12V(DC Power Jack12V)
Added Component: Designator=T1(TB6611FNG)
Added Component: Designator=T2(TB6611FNG)
Added Pin To Net: NetName=NetA1_2 Pin=A1-2
Added Pin To Net: NetName=NetA1_3 Pin=A1-3
Added Pin To Net: NetName=NetA1_4 Pin=A1-4
Added Pin To Net: NetName=NetA1_5 Pin=A1-5
Added Pin To Net: NetName=NetA1_18-TX1 Pin=A1-18-TX1
Added Pin To Net: NetName=NetA1_19-RX1 Pin=A1-19-RX1
Added Pin To Net: NetName=NetA1_20-SDA Pin=A1-20-SDA
Added Pin To Net: NetName=NetA1_21-SCL Pin=A1-21-SCL
Added Pin To Net: NetName=NetA1_22 Pin=A1-22
Added Pin To Net: NetName=NetA1_23 Pin=A1-23
Added Pin To Net: NetName=NetA1_24 Pin=A1-24
Added Pin To Net: NetName=NetA1_25 Pin=A1-25
Added Pin To Net: NetName=NetA1_26 Pin=A1-26
Added Pin To Net: NetName=NetA1_27 Pin=A1-27
Added Pin To Net: NetName=NetA1_28 Pin=A1-28
Added Pin To Net: NetName=NetA1_29 Pin=A1-29
Added Pin To Net: NetName=NetA1_30 Pin=A1-30
Added Pin To Net: NetName=NetA1_31 Pin=A1-31
Added Pin To Net: NetName=NetA1_32 Pin=A1-32
Added Pin To Net: NetName=NetA1_32 Pin=A1-32
Added Pin To Net: NetName=NetA1_33 Pin=A1-33
Added Pin To Net: NetName=NetA1_34 Pin=A1-34
Added Pin To Net: NetName=NetA1_35 Pin=A1-35
Added Pin To Net: NetName=GND Pin=A1-GND
Added Pin To Net: NetName=GND Pin=A1-GND
Added Pin To Net: NetName=GND Pin=A1-GND
Added Pin To Net: NetName=GND Pin=A1-GND
Added Pin To Net: NetName=GND Pin=A1-GND
Added Pin To Net: NetName=+5 Pin=A1-VIN
Added Pin To Net: NetName=NetA1_18-TX1 Pin=j1-A1
Added Pin To Net: NetName=NetA1_32 Pin=j1-B1
Added Pin To Net: NetName=GND Pin=j1-GND1
Added Pin To Net: NetName=Netj1_M1- Pin=j1-M1-
Added Pin To Net: NetName=Netj1_M1+ Pin=j1-M1+
Added Pin To Net: NetName=+5 Pin=j1-VCC1
Added Pin To Net: NetName=NetA1_19-RX1 Pin=j2-A2
Added Pin To Net: NetName=NetA1_33 Pin=j2-B2
Added Pin To Net: NetName=GND Pin=j2-GND2
Added Pin To Net: NetName=Netj2_M2- Pin=j2-M2-
Added Pin To Net: NetName=Netj2_M2+ Pin=j2-M2+
Added Pin To Net: NetName=+5 Pin=j2-VCC2
Added Pin To Net: NetName=NetA1_20-SDA Pin=j3-A3
Added Pin To Net: NetName=NetA1_34 Pin=j3-B3
Added Pin To Net: NetName=GND Pin=j3-GND3
Added Pin To Net: NetName=Netj3_M3- Pin=j3-M3-
Added Pin To Net: NetName=Netj3_M3+ Pin=j3-M3+
Added Pin To Net: NetName=+5 Pin=j3-VCC3
Added Pin To Net: NetName=NetA1_21-SCL Pin=j4-A4
Added Pin To Net: NetName=NetA1_35 Pin=j4-B4
Added Pin To Net: NetName=GND Pin=j4-GND4
Added Pin To Net: NetName=Netj4_M4- Pin=j4-M4-
Added Pin To Net: NetName=Netj4_M4+ Pin=j4-M4+
Added Pin To Net: NetName=+5 Pin=j4-VCC4
Added Pin To Net: NetName=GND Pin=PJ1-GND
Added Pin To Net: NetName=GND Pin=PJ1-GND
Added Pin To Net: NetName=+5 Pin=PJ1-VCC
Added Pin To Net: NetName=GND Pin=PJ12V-GND
Added Pin To Net: NetName=GND Pin=PJ12V-GND
Added Pin To Net: NetName=+12 Pin=PJ12V-VCC
Added Pin To Net: NetName=NetA1_22 Pin=T1-AIN1
Added Pin To Net: NetName=NetA1_23 Pin=T1-AIN2
Added Pin To Net: NetName=Netj1_M1+ Pin=T1-AO1
Added Pin To Net: NetName=Netj1_M1- Pin=T1-AO2
Added Pin To Net: NetName=NetA1_24 Pin=T1-BIN1
Added Pin To Net: NetName=NetA1_25 Pin=T1-BIN2
Added Pin To Net: NetName=Netj2_M2+ Pin=T1-BO1
Added Pin To Net: NetName=Netj2_M2- Pin=T1-BO2
Added Pin To Net: NetName=GND Pin=T1-GND
Added Pin To Net: NetName=GND Pin=T1-GND
Added Pin To Net: NetName=GND Pin=T1-GND
Added Pin To Net: NetName=NetA1_2 Pin=T1-PWMA
Added Pin To Net: NetName=NetA1_3 Pin=T1-PWMB
Added Pin To Net: NetName=NetA1_26 Pin=T1-STBY
Added Pin To Net: NetName=+5 Pin=T1-VCC
Added Pin To Net: NetName=+12 Pin=T1-VIN
Added Pin To Net: NetName=NetA1_27 Pin=T2-AIN1
Added Pin To Net: NetName=NetA1_28 Pin=T2-AIN2
Added Pin To Net: NetName=Netj3_M3+ Pin=T2-AO1
Added Pin To Net: NetName=Netj3_M3- Pin=T2-AO2
Added Pin To Net: NetName=NetA1_29 Pin=T2-BIN1
Added Pin To Net: NetName=NetA1_30 Pin=T2-BIN2
Added Pin To Net: NetName=Netj4_M4+ Pin=T2-BO1
Added Pin To Net: NetName=Netj4_M4- Pin=T2-BO2
Added Pin To Net: NetName=GND Pin=T2-GND
Added Pin To Net: NetName=GND Pin=T2-GND
Added Pin To Net: NetName=GND Pin=T2-GND
Added Pin To Net: NetName=NetA1_4 Pin=T2-PWMA
Added Pin To Net: NetName=NetA1_5 Pin=T2-PWMB
Added Pin To Net: NetName=NetA1_31 Pin=T2-STBY
Added Pin To Net: NetName=+5 Pin=T2-VCC
Added Pin To Net: NetName=+12 Pin=T2-VIN
